// Jest Snapshot v1, https://goo.gl/fbAQLP

exports[`alertError function testing should match the snapshot 1`] = `[Function]`;
