// Jest Snapshot v1, https://goo.gl/fbAQLP

exports[`formatToINR take snapshot of formatToINR 1`] = `[Function]`;
