// Jest Snapshot v1, https://goo.gl/fbAQLP

exports[`vaildateInput take snapshot of vaildateInput 1`] = `[Function]`;
